Archive member included to satisfy reference by file (symbol)

.\CortexM0\ARM_GCC_541\Debug\Design01.a(PWM_Timer_Pulse.o)
                              .\CortexM0\ARM_GCC_541\Debug\main.o (PWM_Timer_Pulse_Start)
.\CortexM0\ARM_GCC_541\Debug\Design01.a(PWM_Timer.o)
                              .\CortexM0\ARM_GCC_541\Debug\main.o (PWM_Timer_Stop)
.\CortexM0\ARM_GCC_541\Debug\Design01.a(PWM_Timer_Int.o)
                              .\CortexM0\ARM_GCC_541\Debug\main.o (PWM_Timer_Int_StartEx)
.\CortexM0\ARM_GCC_541\Debug\Design01.a(CyLib.o)
                              .\CortexM0\ARM_GCC_541\Debug\Cm0Start.o (CyHalt)
.\CortexM0\ARM_GCC_541\Debug\Design01.a(CyLFClk.o)
                              .\CortexM0\ARM_GCC_541\Debug\main.o (CySysWdtGetEnabledStatus)
.\CortexM0\ARM_GCC_541\Debug\Design01.a(Blue.o)
                              .\CortexM0\ARM_GCC_541\Debug\main.o (Blue_Write)
.\CortexM0\ARM_GCC_541\Debug\Design01.a(Green.o)
                              .\CortexM0\ARM_GCC_541\Debug\main.o (Green_Write)
.\CortexM0\ARM_GCC_541\Debug\Design01.a(Red.o)
                              .\CortexM0\ARM_GCC_541\Debug\main.o (Red_Write)
.\CortexM0\ARM_GCC_541\Debug\Design01.a(ADC.o)
                              .\CortexM0\ARM_GCC_541\Debug\main.o (ADC_StartConvert)
.\CortexM0\ARM_GCC_541\Debug\Design01.a(Analog_Timer.o)
                              .\CortexM0\ARM_GCC_541\Debug\main.o (Analog_Timer_ClearInterrupt)
.\CortexM0\ARM_GCC_541\Debug\Design01.a(UART.o)
                              .\CortexM0\ARM_GCC_541\Debug\main.o (UART_Start)
.\CortexM0\ARM_GCC_541\Debug\Design01.a(UART_UART.o)
                              .\CortexM0\ARM_GCC_541\Debug\Design01.a(UART.o) (UART_UartInit)
.\CortexM0\ARM_GCC_541\Debug\Design01.a(WDT_ISR.o)
                              .\CortexM0\ARM_GCC_541\Debug\main.o (WDT_ISR_Stop)
.\CortexM0\ARM_GCC_541\Debug\Design01.a(CyBootAsmGnu.o)
                              .\CortexM0\ARM_GCC_541\Debug\Design01.a(CyLib.o) (CyDelayCycles)
.\CortexM0\ARM_GCC_541\Debug\Design01.a(UART_SPI_UART.o)
                              .\CortexM0\ARM_GCC_541\Debug\Design01.a(UART_UART.o) (UART_SpiUartReadRxData)
c:/program files (x86)/cypress/psoc creator/4.2/psoc creator/import/gnu/arm/5.4.1/bin/../lib/gcc/arm-none-eabi/5.4.1/armv6-m\libgcc.a(_udivsi3.o)
                              .\CortexM0\ARM_GCC_541\Debug\Design01.a(CyLib.o) (__aeabi_uidiv)
c:/program files (x86)/cypress/psoc creator/4.2/psoc creator/import/gnu/arm/5.4.1/bin/../lib/gcc/arm-none-eabi/5.4.1/armv6-m\libgcc.a(_divsi3.o)
                              .\CortexM0\ARM_GCC_541\Debug\Design01.a(ADC.o) (__aeabi_idiv)
c:/program files (x86)/cypress/psoc creator/4.2/psoc creator/import/gnu/arm/5.4.1/bin/../lib/gcc/arm-none-eabi/5.4.1/armv6-m\libgcc.a(_dvmd_tls.o)
                              c:/program files (x86)/cypress/psoc creator/4.2/psoc creator/import/gnu/arm/5.4.1/bin/../lib/gcc/arm-none-eabi/5.4.1/armv6-m\libgcc.a(_udivsi3.o) (__aeabi_idiv0)
c:/program files (x86)/cypress/psoc creator/4.2/psoc creator/import/gnu/arm/5.4.1/bin/../lib/gcc/arm-none-eabi/5.4.1/armv6-m\libgcc.a(_aeabi_ldivmod.o)
                              .\CortexM0\ARM_GCC_541\Debug\Design01.a(ADC.o) (__aeabi_ldivmod)
c:/program files (x86)/cypress/psoc creator/4.2/psoc creator/import/gnu/arm/5.4.1/bin/../lib/gcc/arm-none-eabi/5.4.1/armv6-m\libgcc.a(_muldi3.o)
                              .\CortexM0\ARM_GCC_541\Debug\Design01.a(ADC.o) (__aeabi_lmul)
c:/program files (x86)/cypress/psoc creator/4.2/psoc creator/import/gnu/arm/5.4.1/bin/../lib/gcc/arm-none-eabi/5.4.1/armv6-m\libgcc.a(bpabi.o)
                              c:/program files (x86)/cypress/psoc creator/4.2/psoc creator/import/gnu/arm/5.4.1/bin/../lib/gcc/arm-none-eabi/5.4.1/armv6-m\libgcc.a(_aeabi_ldivmod.o) (__gnu_ldivmod_helper)
c:/program files (x86)/cypress/psoc creator/4.2/psoc creator/import/gnu/arm/5.4.1/bin/../lib/gcc/arm-none-eabi/5.4.1/armv6-m\libgcc.a(divsf3.o)
                              .\CortexM0\ARM_GCC_541\Debug\Design01.a(ADC.o) (__aeabi_fdiv)
c:/program files (x86)/cypress/psoc creator/4.2/psoc creator/import/gnu/arm/5.4.1/bin/../lib/gcc/arm-none-eabi/5.4.1/armv6-m\libgcc.a(mulsf3.o)
                              .\CortexM0\ARM_GCC_541\Debug\Design01.a(ADC.o) (__aeabi_fmul)
c:/program files (x86)/cypress/psoc creator/4.2/psoc creator/import/gnu/arm/5.4.1/bin/../lib/gcc/arm-none-eabi/5.4.1/armv6-m\libgcc.a(fixsfsi.o)
                              .\CortexM0\ARM_GCC_541\Debug\main.o (__aeabi_f2iz)
c:/program files (x86)/cypress/psoc creator/4.2/psoc creator/import/gnu/arm/5.4.1/bin/../lib/gcc/arm-none-eabi/5.4.1/armv6-m\libgcc.a(floatsisf.o)
                              .\CortexM0\ARM_GCC_541\Debug\Design01.a(ADC.o) (__aeabi_i2f)
c:/program files (x86)/cypress/psoc creator/4.2/psoc creator/import/gnu/arm/5.4.1/bin/../lib/gcc/arm-none-eabi/5.4.1/armv6-m\libgcc.a(divdf3.o)
                              .\CortexM0\ARM_GCC_541\Debug\main.o (__aeabi_ddiv)
[...]
Memory Configuration

Name             Origin             Length             Attributes
rom              0x00000000         0x00008000         xr
ram              0x20000000         0x00001000         xrw
*default*        0x00000000         0xffffffff

Linker script and memory map

LOAD c:/program files (x86)/cypress/psoc creator/4.2/psoc creator/import/gnu/arm/5.4.1/bin/../lib/gcc/arm-none-eabi/5.4.1/armv6-m/crti.o
LOAD c:/program files (x86)/cypress/psoc creator/4.2/psoc creator/import/gnu/arm/5.4.1/bin/../lib/gcc/arm-none-eabi/5.4.1/armv6-m/crtbegin.o
LOAD c:/program files (x86)/cypress/psoc creator/4.2/psoc creator/import/gnu/arm/5.4.1/bin/../lib/gcc/arm-none-eabi/5.4.1/../../../../arm-none-eabi/lib/armv6-m/crt0.o
START GROUP
LOAD .\CortexM0\ARM_GCC_541\Debug\main.o
LOAD .\CortexM0\ARM_GCC_541\Debug\cyfitter_cfg.o
LOAD .\CortexM0\ARM_GCC_541\Debug\cymetadata.o
LOAD .\CortexM0\ARM_GCC_541\Debug\Cm0Start.o
LOAD .\CortexM0\ARM_GCC_541\Debug\Design01.a
END GROUP
START GROUP
LOAD c:/program files (x86)/cypress/psoc creator/4.2/psoc creator/import/gnu/arm/5.4.1/bin/../lib/gcc/arm-none-eabi/5.4.1/armv6-m\libgcc.a
LOAD c:/program files (x86)/cypress/psoc creator/4.2/psoc creator/import/gnu/arm/5.4.1/bin/../lib/gcc/arm-none-eabi/5.4.1/../../../../arm-none-eabi/lib/armv6-m\libg_nano.a
LOAD c:/program files (x86)/cypress/psoc creator/4.2/psoc creator/import/gnu/arm/5.4.1/bin/../lib/gcc/arm-none-eabi/5.4.1/../../../../arm-none-eabi/lib/armv6-m\libc_nano.a
END GROUP
START GROUP
LOAD c:/program files (x86)/cypress/psoc creator/4.2/psoc creator/import/gnu/arm/5.4.1/bin/../lib/gcc/arm-none-eabi/5.4.1/armv6-m\libgcc.a
LOAD c:/program files (x86)/cypress/psoc creator/4.2/psoc creator/import/gnu/arm/5.4.1/bin/../lib/gcc/arm-none-eabi/5.4.1/../../../../arm-none-eabi/lib/armv6-m\libc_nano.a
END GROUP
LOAD c:/program files (x86)/cypress/psoc creator/4.2/psoc creator/import/gnu/arm/5.4.1/bin/../lib/gcc/arm-none-eabi/5.4.1/armv6-m/crtend.o
LOAD c:/program files (x86)/cypress/psoc creator/4.2/psoc creator/import/gnu/arm/5.4.1/bin/../lib/gcc/arm-none-eabi/5.4.1/armv6-m/crtn.o
START GROUP
LOAD c:/program files (x86)/cypress/psoc creator/4.2/psoc creator/import/gnu/arm/5.4.1/bin/../lib/gcc/arm-none-eabi/5.4.1/armv6-m\libgcc.a
LOAD c:/program files (x86)/cypress/psoc creator/4.2/psoc creator/import/gnu/arm/5.4.1/bin/../lib/gcc/arm-none-eabi/5.4.1/../../../../arm-none-eabi/lib/armv6-m\libc.a
LOAD c:/program files (x86)/cypress/psoc creator/4.2/psoc creator/import/gnu/arm/5.4.1/bin/../lib/gcc/arm-none-eabi/5.4.1/../../../../arm-none-eabi/lib/armv6-m\libnosys.a
END GROUP
                0x00000000                CY_APPL_ORIGIN = 0x0
                0x00000080                CY_FLASH_ROW_SIZE = 0x80
                0x00000001                CY_APPL_NUM = 0x1
                0x00000001                CY_APPL_MAX = 0x1
                0x00000040                CY_METADATA_SIZE = 0x40
                0x00000000                CY_APPL_LOADABLE = 0x0
                0x00000000                CY_CHECKSUM_EXCLUDE_SIZE = ALIGN (0x0, CY_FLASH_ROW_SIZE)
                0x00000000                CY_APP_FOR_STACK_AND_COPIER = 0x0
                [!provide]                PROVIDE (__cy_heap_start, _end)
                0x00000001                PROVIDE (__cy_region_num, ((__cy_regions_end - __cy_regions) / 0x10))
                0x20001000                PROVIDE (__cy_stack, (ORIGIN (ram) + LENGTH (ram)))
                [!provide]                PROVIDE (__cy_heap_end, (__cy_stack - 0x400))

.cybootloader   0x00000000        0x0
 *(.cybootloader)
                0x00000000                appl1_start = CY_APPL_ORIGIN?CY_APPL_ORIGIN:ALIGN (CY_FLASH_ROW_SIZE)
                0x00003f80                appl2_start = (appl1_start + ALIGN ((((LENGTH (rom) - appl1_start) - (0x2 * CY_FLASH_ROW_SIZE)) / 0x2), CY_FLASH_ROW_SIZE))
                0x00000000                appl_start = (CY_APPL_NUM == 0x1)?appl1_start:appl2_start
                0x00000001                cy_project_type_bootloader = (appl_start == 0x0)?0x1:0x0
                0x00000000                cy_project_type_app_for_stack_and_copier = (CY_APP_FOR_STACK_AND_COPIER == 0x1)?0x1:0x0

.text           0x00000000     0x1572
 CREATE_OBJECT_SYMBOLS
                0x00000000                PROVIDE (__cy_interrupt_vector, RomVectors)
 *(.romvectors)
 .romvectors    0x00000000       0x10 .\CortexM0\ARM_GCC_541\Debug\Cm0Start.o
                0x00000000                RomVectors
                0x00000001                ASSERT ((. != __cy_interrupt_vector), No interrupt vector)
                0x00000001                ASSERT (CY_APPL_ORIGIN?(SIZEOF (.cybootloader) <= CY_APPL_ORIGIN):0x1, Wrong image location)
                0x00000010                PROVIDE (__cy_reset, Reset)
 *(.text.Reset)
 .text.Reset    0x00000010        0x8 .\CortexM0\ARM_GCC_541\Debug\Cm0Start.o
                0x00000010                Reset
                0x00000001                ASSERT ((. != __cy_reset), No reset code)
 *(.psocinit)
 .psocinit      0x00000018      0x1d0 .\CortexM0\ARM_GCC_541\Debug\cyfitter_cfg.o
                0x000000dc                cyfitter_cfg
                0x000001e8                . = MAX (., 0x100)
 *(.text .text.* .gnu.linkonce.t.*)
 .text          0x000001e8       0x60 c:/program files (x86)/cypress/psoc creator/4.2/psoc creator/import/gnu/arm/5.4.1/bin/../lib/gcc/arm-none-eabi/5.4.1/armv6-m/crtbegin.o
 .text.PWM_Int  0x00000248       0x38 .\CortexM0\ARM_GCC_541\Debug\main.o
                0x00000248                PWM_Int
 .text.main     0x00000280       0xe0 .\CortexM0\ARM_GCC_541\Debug\main.o
                0x00000280                main
 .text.cfg_write_bytes32
                0x00000360       0x34 .\CortexM0\ARM_GCC_541\Debug\cyfitter_cfg.o
 .text.CYMEMZERO
                0x00000394        0xc .\CortexM0\ARM_GCC_541\Debug\cyfitter_cfg.o
 .text.SetAnalogRoutingPumps
                0x000003a0       0x20 .\CortexM0\ARM_GCC_541\Debug\cyfitter_cfg.o
                0x000003a0                SetAnalogRoutingPumps
 .text.AnalogSetDefault
                0x000003c0       0x14 .\CortexM0\ARM_GCC_541\Debug\cyfitter_cfg.o
 .text.IntDefaultHandler
                0x000003d4       0x10 .\CortexM0\ARM_GCC_541\Debug\Cm0Start.o
                0x000003d4                IntDefaultHandler
 .text._sbrk    0x000003e4       0x30 .\CortexM0\ARM_GCC_541\Debug\Cm0Start.o
                0x000003e4                _sbrk
 .text.Start_c  0x00000414       0x48 .\CortexM0\ARM_GCC_541\Debug\Cm0Start.o
                0x00000414                Start_c
 .text.initialize_psoc
                0x0000045c       0x40 .\CortexM0\ARM_GCC_541\Debug\Cm0Start.o
                0x0000045c                initialize_psoc
 .text.PWM_Timer_Pulse_WriteCounter
                0x0000049c       0x10 .\CortexM0\ARM_GCC_541\Debug\Design01.a(PWM_Timer_Pulse.o)
                0x0000049c                PWM_Timer_Pulse_WriteCounter
 .text.PWM_Timer_Pulse_WritePeriod
                0x000004ac       0x10 .\CortexM0\ARM_GCC_541\Debug\Design01.a(PWM_Timer_Pulse.o)
                0x000004ac                PWM_Timer_Pulse_WritePeriod
 .text.PWM_Timer_Pulse_WriteCompare
                0x000004bc       0x10 .\CortexM0\ARM_GCC_541\Debug\Design01.a(PWM_Timer_Pulse.o)
                0x000004bc                PWM_Timer_Pulse_WriteCompare
 .text.PWM_Timer_Pulse_TriggerCommand
                0x000004cc       0x1c .\CortexM0\ARM_GCC_541\Debug\Design01.a(PWM_Timer_Pulse.o)
                0x000004cc                PWM_Timer_Pulse_TriggerCommand
 .text.PWM_Timer_Pulse_Enable
                0x000004e8       0x24 .\CortexM0\ARM_GCC_541\Debug\Design01.a(PWM_Timer_Pulse.o)
                0x000004e8                PWM_Timer_Pulse_Enable
 .text.PWM_Timer_Pulse_SetInterruptMode
                0x0000050c        0xc .\CortexM0\ARM_GCC_541\Debug\Design01.a(PWM_Timer_Pulse.o)
                0x0000050c                PWM_Timer_Pulse_SetInterruptMode
 .text.PWM_Timer_Pulse_Init
                0x00000518       0x44 .\CortexM0\ARM_GCC_541\Debug\Design01.a(PWM_Timer_Pulse.o)
                0x00000518                PWM_Timer_Pulse_Init
 .text.PWM_Timer_Pulse_Start
                0x0000055c       0x20 .\CortexM0\ARM_GCC_541\Debug\Design01.a(PWM_Timer_Pulse.o)
                0x0000055c                PWM_Timer_Pulse_Start
 .text.PWM_Timer_Stop
                0x0000057c       0x1c .\CortexM0\ARM_GCC_541\Debug\Design01.a(PWM_Timer.o)
                0x0000057c                PWM_Timer_Stop
 .text.PWM_Timer_WriteCounter
                0x00000598       0x10 .\CortexM0\ARM_GCC_541\Debug\Design01.a(PWM_Timer.o)
                0x00000598                PWM_Timer_WriteCounter
 .text.PWM_Timer_WritePeriod
                0x000005a8       0x10 .\CortexM0\ARM_GCC_541\Debug\Design01.a(PWM_Timer.o)
                0x000005a8                PWM_Timer_WritePeriod
 .text.PWM_Timer_ReadCapture
                0x000005b8       0x10 .\CortexM0\ARM_GCC_541\Debug\Design01.a(PWM_Timer.o)
                0x000005b8                PWM_Timer_ReadCapture
 .text.PWM_Timer_TriggerCommand
                0x000005c8       0x1c .\CortexM0\ARM_GCC_541\Debug\Design01.a(PWM_Timer.o)
                0x000005c8                PWM_Timer_TriggerCommand
 .text.PWM_Timer_Enable
                0x000005e4       0x24 .\CortexM0\ARM_GCC_541\Debug\Design01.a(PWM_Timer.o)
                0x000005e4                PWM_Timer_Enable
 .text.PWM_Timer_SetInterruptMode
                0x00000608        0xc .\CortexM0\ARM_GCC_541\Debug\Design01.a(PWM_Timer.o)
                0x00000608                PWM_Timer_SetInterruptMode
 .text.PWM_Timer_Init
                0x00000614       0x30 .\CortexM0\ARM_GCC_541\Debug\Design01.a(PWM_Timer.o)
                0x00000614                PWM_Timer_Init
 .text.PWM_Timer_Start
                0x00000644       0x20 .\CortexM0\ARM_GCC_541\Debug\Design01.a(PWM_Timer.o)
                0x00000644                PWM_Timer_Start
 .text.PWM_Timer_ClearInterrupt
                0x00000664        0xc .\CortexM0\ARM_GCC_541\Debug\Design01.a(PWM_Timer.o)
                0x00000664                PWM_Timer_ClearInterrupt
 .text.PWM_Timer_Int_SetVector
                0x00000670        0xc .\CortexM0\ARM_GCC_541\Debug\Design01.a(PWM_Timer_Int.o)
                0x00000670                PWM_Timer_Int_SetVector
 .text.PWM_Timer_Int_SetPriority
                0x0000067c       0x24 .\CortexM0\ARM_GCC_541\Debug\Design01.a(PWM_Timer_Int.o)
                0x0000067c                PWM_Timer_Int_SetPriority
 .text.PWM_Timer_Int_Enable
                0x000006a0       0x10 .\CortexM0\ARM_GCC_541\Debug\Design01.a(PWM_Timer_Int.o)
                0x000006a0                PWM_Timer_Int_Enable
 .text.PWM_Timer_Int_Disable
                0x000006b0       0x10 .\CortexM0\ARM_GCC_541\Debug\Design01.a(PWM_Timer_Int.o)
                0x000006b0                PWM_Timer_Int_Disable
 .text.PWM_Timer_Int_StartEx
                0x000006c0       0x1c .\CortexM0\ARM_GCC_541\Debug\Design01.a(PWM_Timer_Int.o)
                0x000006c0                PWM_Timer_Int_StartEx
 .text.CyHalt   0x000006dc        0x4 .\CortexM0\ARM_GCC_541\Debug\Design01.a(CyLib.o)
                0x000006dc                CyHalt
 .text.CyDelay  0x000006e0       0x30 .\CortexM0\ARM_GCC_541\Debug\Design01.a(CyLib.o)
                0x000006e0                CyDelay
 .text.CyDelayUs
                0x00000710       0x14 .\CortexM0\ARM_GCC_541\Debug\Design01.a(CyLib.o)
                0x00000710                CyDelayUs
 .text.CySysClkWriteImoFreq
                0x00000724      0x164 .\CortexM0\ARM_GCC_541\Debug\Design01.a(CyLib.o)
                0x00000724                CySysClkWriteImoFreq
 .text.CySysClkIloStart
                0x00000888       0x14 .\CortexM0\ARM_GCC_541\Debug\Design01.a(CyLFClk.o)
                0x00000888                CySysClkIloStart
 .text.CySysWdtGetEnabledStatus
                0x0000089c       0x24 .\CortexM0\ARM_GCC_541\Debug\Design01.a(CyLFClk.o)
                0x0000089c                CySysWdtGetEnabledStatus
 .text.CySysWdtSetMode
                0x000008c0       0x38 .\CortexM0\ARM_GCC_541\Debug\Design01.a(CyLFClk.o)
                0x000008c0                CySysWdtSetMode
 .text.CySysWdtSetClearOnMatch
                0x000008f8       0x34 .\CortexM0\ARM_GCC_541\Debug\Design01.a(CyLFClk.o)
                0x000008f8                CySysWdtSetClearOnMatch
 .text.CySysWdtEnable
                0x0000092c       0x40 .\CortexM0\ARM_GCC_541\Debug\Design01.a(CyLFClk.o)
                0x0000092c                CySysWdtEnable
 .text.CySysWdtSetMatch
                0x0000096c       0x38 .\CortexM0\ARM_GCC_541\Debug\Design01.a(CyLFClk.o)
                0x0000096c                CySysWdtSetMatch
 .text.CySysWdtResetCounters
                0x000009a4       0x20 .\CortexM0\ARM_GCC_541\Debug\Design01.a(CyLFClk.o)
                0x000009a4                CySysWdtResetCounters
 .text.Blue_Write
                0x000009c4       0x18 .\CortexM0\ARM_GCC_541\Debug\Design01.a(Blue.o)
                0x000009c4                Blue_Write
 .text.Green_Write
                0x000009dc       0x18 .\CortexM0\ARM_GCC_541\Debug\Design01.a(Green.o)
                0x000009dc                Green_Write
 .text.Red_Write
                0x000009f4       0x18 .\CortexM0\ARM_GCC_541\Debug\Design01.a(Red.o)
                0x000009f4                Red_Write
 .text.UART_ScbModePostEnable
                0x00000a0c        0x8 .\CortexM0\ARM_GCC_541\Debug\Design01.a(UART.o)
 .text.UART_Init
                0x00000a14        0x8 .\CortexM0\ARM_GCC_541\Debug\Design01.a(UART.o)
                0x00000a14                UART_Init
 .text.UART_Enable
                0x00000a1c       0x18 .\CortexM0\ARM_GCC_541\Debug\Design01.a(UART.o)
                0x00000a1c                UART_Enable
 .text.UART_Start
                0x00000a34       0x20 .\CortexM0\ARM_GCC_541\Debug\Design01.a(UART.o)
                0x00000a34                UART_Start
 .text.UART_UartInit
                0x00000a54       0x9c .\CortexM0\ARM_GCC_541\Debug\Design01.a(UART_UART.o)
                0x00000a54                UART_UartInit
 .text.UART_UartPostEnable
                0x00000af0       0x2c .\CortexM0\ARM_GCC_541\Debug\Design01.a(UART_UART.o)
                0x00000af0                UART_UartPostEnable
 .text.UART_UartPutString
                0x00000b1c       0x18 .\CortexM0\ARM_GCC_541\Debug\Design01.a(UART_UART.o)
                0x00000b1c                UART_UartPutString
 *fill*         0x00000b34        0x4 
 .text          0x00000b38       0x24 .\CortexM0\ARM_GCC_541\Debug\Design01.a(CyBootAsmGnu.o)
                0x00000b38                CyDelayCycles
                0x00000b4c                CyEnterCriticalSection
                0x00000b54                CyExitCriticalSection
 .text.UART_SpiUartWriteTxData
                0x00000b5c       0x1c .\CortexM0\ARM_GCC_541\Debug\Design01.a(UART_SPI_UART.o)
                0x00000b5c                UART_SpiUartWriteTxData
 .text          0x00000b78      0x114 c:/program files (x86)/cypress/psoc creator/4.2/psoc creator/import/gnu/arm/5.4.1/bin/../lib/gcc/arm-none-eabi/5.4.1/armv6-m\libgcc.a(_udivsi3.o)
                0x00000b78                __aeabi_uidiv
                0x00000b78                __udivsi3
                0x00000c84                __aeabi_uidivmod
 .text          0x00000c8c        0x4 c:/program files (x86)/cypress/psoc creator/4.2/psoc creator/import/gnu/arm/5.4.1/bin/../lib/gcc/arm-none-eabi/5.4.1/armv6-m\libgcc.a(_dvmd_tls.o)
                0x00000c8c                __aeabi_idiv0
                0x00000c8c                __aeabi_ldiv0
 .text.__errno  0x00000c90        0xc c:/program files (x86)/cypress/psoc creator/4.2/psoc creator/import/gnu/arm/5.4.1/bin/../lib/gcc/arm-none-eabi/5.4.1/../../../../arm-none-eabi/lib/armv6-m\libg_nano.a(lib_a-errno.o)
                0x00000c90                __errno
 .text.__libc_init_array
                0x00000c9c       0x4c c:/program files (x86)/cypress/psoc creator/4.2/psoc creator/import/gnu/arm/5.4.1/bin/../lib/gcc/arm-none-eabi/5.4.1/../../../../arm-none-eabi/lib/armv6-m\libg_nano.a(lib_a-init.o)
                0x00000c9c                __libc_init_array
 .text.memset   0x00000ce8       0x10 c:/program files (x86)/cypress/psoc creator/4.2/psoc creator/import/gnu/arm/5.4.1/bin/../lib/gcc/arm-none-eabi/5.4.1/../../../../arm-none-eabi/lib/armv6-m\libg_nano.a(lib_a-memset.o)
                0x00000ce8                memset
 .text.snprintf
                0x00000cf8       0x64 c:/program files (x86)/cypress/psoc creator/4.2/psoc creator/import/gnu/arm/5.4.1/bin/../lib/gcc/arm-none-eabi/5.4.1/../../../../arm-none-eabi/lib/armv6-m\libg_nano.a(lib_a-snprintf.o)
                0x00000cf8                sniprintf
                0x00000cf8                snprintf
 .text.__ssputs_r
                0x00000d5c       0xc4 c:/program files (x86)/cypress/psoc creator/4.2/psoc creator/import/gnu/arm/5.4.1/bin/../lib/gcc/arm-none-eabi/5.4.1/../../../../arm-none-eabi/lib/armv6-m\libg_nano.a(lib_a-nano-svfprintf.o)
                0x00000d5c                __ssputs_r
 .text._svfprintf_r
                0x00000e20      0x1fc c:/program files (x86)/cypress/psoc creator/4.2/psoc creator/import/gnu/arm/5.4.1/bin/../lib/gcc/arm-none-eabi/5.4.1/../../../../arm-none-eabi/lib/armv6-m\libg_nano.a(lib_a-nano-svfprintf.o)
                0x00000e20                _svfiprintf_r
                0x00000e20                _svfprintf_r
 .text._printf_common
                0x0000101c       0xdc c:/program files (x86)/cypress/psoc creator/4.2/psoc creator/import/gnu/arm/5.4.1/bin/../lib/gcc/arm-none-eabi/5.4.1/../../../../arm-none-eabi/lib/armv6-m\libg_nano.a(lib_a-nano-vfprintf_i.o)
                0x0000101c                _printf_common
 .text._printf_i
                0x000010f8      0x244 c:/program files (x86)/cypress/psoc creator/4.2/psoc creator/import/gnu/arm/5.4.1/bin/../lib/gcc/arm-none-eabi/5.4.1/../../../../arm-none-eabi/lib/armv6-m\libg_nano.a(lib_a-nano-vfprintf_i.o)
                0x000010f8                _printf_i
 .text.memchr   0x0000133c       0x16 c:/program files (x86)/cypress/psoc creator/4.2/psoc creator/import/gnu/arm/5.4.1/bin/../lib/gcc/arm-none-eabi/5.4.1/../../../../arm-none-eabi/lib/armv6-m\libg_nano.a(lib_a-memchr-stub.o)
                0x0000133c                memchr
 .text.memcpy   0x00001352       0x12 c:/program files (x86)/cypress/psoc creator/4.2/psoc creator/import/gnu/arm/5.4.1/bin/../lib/gcc/arm-none-eabi/5.4.1/../../../../arm-none-eabi/lib/armv6-m\libg_nano.a(lib_a-memcpy-stub.o)
                0x00001352                memcpy
 .text.memmove  0x00001364       0x2a c:/program files (x86)/cypress/psoc creator/4.2/psoc creator/import/gnu/arm/5.4.1/bin/../lib/gcc/arm-none-eabi/5.4.1/../../../../arm-none-eabi/lib/armv6-m\libg_nano.a(lib_a-memmove.o)
                0x00001364                memmove
 *fill*         0x0000138e        0x2 
 .text._free_r  0x00001390       0x98 c:/program files (x86)/cypress/psoc creator/4.2/psoc creator/import/gnu/arm/5.4.1/bin/../lib/gcc/arm-none-eabi/5.4.1/../../../../arm-none-eabi/lib/armv6-m\libg_nano.a(lib_a-nano-freer.o)
                0x00001390                _free_r
 .text._malloc_r
                0x00001428       0xc0 c:/program files (x86)/cypress/psoc creator/4.2/psoc creator/import/gnu/arm/5.4.1/bin/../lib/gcc/arm-none-eabi/5.4.1/../../../../arm-none-eabi/lib/armv6-m\libg_nano.a(lib_a-nano-mallocr.o)
                0x00001428                _malloc_r
 .text._realloc_r
                0x000014e8       0x4c c:/program files (x86)/cypress/psoc creator/4.2/psoc creator/import/gnu/arm/5.4.1/bin/../lib/gcc/arm-none-eabi/5.4.1/../../../../arm-none-eabi/lib/armv6-m\libg_nano.a(lib_a-nano-reallocr.o)
                0x000014e8                _realloc_r
 .text._sbrk_r  0x00001534       0x24 c:/program files (x86)/cypress/psoc creator/4.2/psoc creator/import/gnu/arm/5.4.1/bin/../lib/gcc/arm-none-eabi/5.4.1/../../../../arm-none-eabi/lib/armv6-m\libg_nano.a(lib_a-sbrkr.o)
                0x00001534                _sbrk_r
 .text.__malloc_lock
                0x00001558        0x2 c:/program files (x86)/cypress/psoc creator/4.2/psoc creator/import/gnu/arm/5.4.1/bin/../lib/gcc/arm-none-eabi/5.4.1/../../../../arm-none-eabi/lib/armv6-m\libg_nano.a(lib_a-mlock.o)
                0x00001558                __malloc_lock
 .text.__malloc_unlock
                0x0000155a        0x2 c:/program files (x86)/cypress/psoc creator/4.2/psoc creator/import/gnu/arm/5.4.1/bin/../lib/gcc/arm-none-eabi/5.4.1/../../../../arm-none-eabi/lib/armv6-m\libg_nano.a(lib_a-mlock.o)
                0x0000155a                __malloc_unlock
 .text._malloc_usable_size_r
                0x0000155c       0x16 c:/program files (x86)/cypress/psoc creator/4.2/psoc creator/import/gnu/arm/5.4.1/bin/../lib/gcc/arm-none-eabi/5.4.1/../../../../arm-none-eabi/lib/armv6-m\libg_nano.a(lib_a-nano-msizer.o)
                0x0000155c                _malloc_usable_size_r
 *(.plt)
 *(.gnu.warning)
 *(.glue_7t)
 .glue_7t       0x00001572        0x0 linker stubs
 *(.glue_7)
 .glue_7        0x00001572        0x0 linker stubs
 *(.vfp11_veneer)
 .vfp11_veneer  0x00001572        0x0 linker stubs
 *(.bootloader)
 *(.ARM.extab* .gnu.linkonce.armextab.*)
 *(.gcc_except_table)

.v4_bx          0x00001574        0x0
 .v4_bx         0x00001574        0x0 linker stubs

.iplt           0x00001574        0x0
 .iplt          0x00001574        0x0 c:/program files (x86)/cypress/psoc creator/4.2/psoc creator/import/gnu/arm/5.4.1/bin/../lib/gcc/arm-none-eabi/5.4.1/armv6-m/crtbegin.o

.eh_frame_hdr
 *(.eh_frame_hdr)

.eh_frame       0x00001574        0x4
 *(.eh_frame)
 .eh_frame      0x00001574        0x0 c:/program files (x86)/cypress/psoc creator/4.2/psoc creator/import/gnu/arm/5.4.1/bin/../lib/gcc/arm-none-eabi/5.4.1/armv6-m/crtbegin.o
 .eh_frame      0x00001574        0x4 c:/program files (x86)/cypress/psoc creator/4.2/psoc creator/import/gnu/arm/5.4.1/bin/../lib/gcc/arm-none-eabi/5.4.1/armv6-m/crtend.o
                [!provide]                PROVIDE (__exidx_start, .)

.ARM.exidx
 *(.ARM.exidx* .gnu.linkonce.armexidx.*)
                0x00001578                __exidx_end = .

.rodata         0x00001578      0x178
 *(.rodata .rodata.* .gnu.linkonce.r.*)
 .rodata.str1.4
                0x00001578       0x1c .\CortexM0\ARM_GCC_541\Debug\main.o
                                 0x1b (size before relaxing)
 .rodata        0x00001594       0xc0 .\CortexM0\ARM_GCC_541\Debug\cyfitter_cfg.o
 .rodata        0x00001654       0x2e .\CortexM0\ARM_GCC_541\Debug\Design01.a(CyLib.o)
                0x00001654                cyImoFreqMhz2Reg
 .rodata.str1.1
                0x00001682        0x2 c:/program files (x86)/cypress/psoc creator/4.2/psoc creator/import/gnu/arm/5.4.1/bin/../lib/gcc/arm-none-eabi/5.4.1/../../../../arm-none-eabi/lib/armv6-m\libg_nano.a(lib_a-impure.o)
 .rodata.str1.1
                0x00001684       0x11 c:/program files (x86)/cypress/psoc creator/4.2/psoc creator/import/gnu/arm/5.4.1/bin/../lib/gcc/arm-none-eabi/5.4.1/../../../../arm-none-eabi/lib/armv6-m\libg_nano.a(lib_a-nano-svfprintf.o)
 .rodata.str1.1
                0x00001695       0x22 c:/program files (x86)/cypress/psoc creator/4.2/psoc creator/import/gnu/arm/5.4.1/bin/../lib/gcc/arm-none-eabi/5.4.1/../../../../arm-none-eabi/lib/armv6-m\libg_nano.a(lib_a-nano-vfprintf_i.o)
                0x000016b8                . = ALIGN (0x4)
 *fill*         0x000016b7        0x1 
 *(.init)
 .init          0x000016b8        0x4 c:/program files (x86)/cypress/psoc creator/4.2/psoc creator/import/gnu/arm/5.4.1/bin/../lib/gcc/arm-none-eabi/5.4.1/armv6-m/crti.o
                0x000016b8                _init
 .init          0x000016bc        0x8 c:/program files (x86)/cypress/psoc creator/4.2/psoc creator/import/gnu/arm/5.4.1/bin/../lib/gcc/arm-none-eabi/5.4.1/armv6-m/crtn.o
                0x000016c4                . = ALIGN (0x4)
                0x000016c4                __preinit_array_start = .
 *(.preinit_array)
                0x000016c4                __preinit_array_end = .
                0x000016c4                . = ALIGN (0x4)
                0x000016c4                __init_array_start = .
 *(SORT(.init_array.*))
 *(.init_array)
 .init_array    0x000016c4        0x4 c:/program files (x86)/cypress/psoc creator/4.2/psoc creator/import/gnu/arm/5.4.1/bin/../lib/gcc/arm-none-eabi/5.4.1/armv6-m/crtbegin.o
 .init_array    0x000016c8        0x4 .\CortexM0\ARM_GCC_541\Debug\Cm0Start.o
                0x000016cc                __init_array_end = .
                0x000016cc                . = ALIGN (0x4)
 *(.fini)
 .fini          0x000016cc        0x4 c:/program files (x86)/cypress/psoc creator/4.2/psoc creator/import/gnu/arm/5.4.1/bin/../lib/gcc/arm-none-eabi/5.4.1/armv6-m/crti.o
                0x000016cc                _fini
 .fini          0x000016d0        0x8 c:/program files (x86)/cypress/psoc creator/4.2/psoc creator/import/gnu/arm/5.4.1/bin/../lib/gcc/arm-none-eabi/5.4.1/armv6-m/crtn.o
                0x000016d8                . = ALIGN (0x4)
                0x000016d8                __fini_array_start = .
 *(.fini_array)
 .fini_array    0x000016d8        0x4 c:/program files (x86)/cypress/psoc creator/4.2/psoc creator/import/gnu/arm/5.4.1/bin/../lib/gcc/arm-none-eabi/5.4.1/armv6-m/crtbegin.o
 *(SORT(.fini_array.*))
                0x000016dc                __fini_array_end = .
                0x000016dc                . = ALIGN (0x4)
 *crtbegin.o(.ctors)
 *(EXCLUDE_FILE(*crtend.o) .ctors)
 *(SORT(.ctors.*))
 *crtend.o(.ctors)
                0x000016dc                . = ALIGN (0x4)
 *crtbegin.o(.dtors)
 *(EXCLUDE_FILE(*crtend.o) .dtors)
 *(SORT(.dtors.*))
 *crtend.o(.dtors)
                0x000016dc                . = ALIGN (0x4)
                0x000016dc                __cy_regions = .
                0x000016dc        0x4 LONG 0x16f0 __cy_region_init_ram
                0x000016e0        0x4 LONG 0x200000c0 __cy_region_start_data
                0x000016e4        0x4 LONG 0x80 __cy_region_init_size_ram
                0x000016e8        0x4 LONG 0x58 __cy_region_zero_size_ram
                0x000016ec                __cy_regions_end = .
                0x000016f0                . = ALIGN (0x8)
 *fill*         0x000016ec        0x4 
                0x000016f0                _etext = .

.cy_checksum_exclude
                0x000016f0        0x0
 *(.cy_checksum_exclude)

.ramvectors     0x20000000       0xc0
                0x20000000                __cy_region_start_ram = .
 *(.ramvectors)
 .ramvectors    0x20000000       0xc0 .\CortexM0\ARM_GCC_541\Debug\Cm0Start.o
                0x20000000                CyRamVectors

.noinit
 *(.noinit)

.data           0x200000c0       0x80 load address 0x000016f0
                0x200000c0                __cy_region_start_data = .
 *(.jcr)
 .jcr           0x200000c0        0x0 c:/program files (x86)/cypress/psoc creator/4.2/psoc creator/import/gnu/arm/5.4.1/bin/../lib/gcc/arm-none-eabi/5.4.1/armv6-m/crtbegin.o
 .jcr           0x200000c0        0x4 c:/program files (x86)/cypress/psoc creator/4.2/psoc creator/import/gnu/arm/5.4.1/bin/../lib/gcc/arm-none-eabi/5.4.1/armv6-m/crtend.o
 *(.got.plt)
 *(.got)
 *(.shdata)
 *(.data .data.* .gnu.linkonce.d.*)
 .data          0x200000c4        0x4 .\CortexM0\ARM_GCC_541\Debug\Cm0Start.o
 .data          0x200000c8       0x14 .\CortexM0\ARM_GCC_541\Debug\Design01.a(CyLib.o)
                0x200000c8                CySysClkPumpConfig
                0x200000cc                cydelay32kMs
                0x200000d0                cydelayFreqKhz
                0x200000d4                cydelayFreqMhz
                0x200000d8                cydelayFreqHz
 .data.impure_data
                0x200000dc       0x60 c:/program files (x86)/cypress/psoc creator/4.2/psoc creator/import/gnu/arm/5.4.1/bin/../lib/gcc/arm-none-eabi/5.4.1/../../../../arm-none-eabi/lib/armv6-m\libg_nano.a(lib_a-impure.o)
 .data._impure_ptr
                0x2000013c        0x4 c:/program files (x86)/cypress/psoc creator/4.2/psoc creator/import/gnu/arm/5.4.1/bin/../lib/gcc/arm-none-eabi/5.4.1/../../../../arm-none-eabi/lib/armv6-m\libg_nano.a(lib_a-impure.o)
                0x2000013c                _impure_ptr
                0x20000140                . = ALIGN (0x8)
 *(.ram)
                0x20000140                _edata = .

.igot.plt       0x20000140        0x0 load address 0x00001770
 .igot.plt      0x20000140        0x0 c:/program files (x86)/cypress/psoc creator/4.2/psoc creator/import/gnu/arm/5.4.1/bin/../lib/gcc/arm-none-eabi/5.4.1/armv6-m/crtbegin.o

.bss            0x20000140       0x58 load address 0x00001770
                0x20000140                PROVIDE (__bss_start__, .)
 *(.shbss)
 *(.bss .bss.* .gnu.linkonce.b.*)
 .bss           0x20000140       0x1c c:/program files (x86)/cypress/psoc creator/4.2/psoc creator/import/gnu/arm/5.4.1/bin/../lib/gcc/arm-none-eabi/5.4.1/armv6-m/crtbegin.o
 .bss           0x2000015c       0x16 .\CortexM0\ARM_GCC_541\Debug\main.o
                0x2000015c                q
                0x20000160                PulseLength
                0x20000162                nthTime
                0x20000164                wdtIsrCnt
                0x20000168                low_time
                0x2000016c                tAccrued
                0x20000170                prevPulse
 .bss           0x20000172        0x1 .\CortexM0\ARM_GCC_541\Debug\Design01.a(PWM_Timer_Pulse.o)
                0x20000172                PWM_Timer_Pulse_initVar
 .bss           0x20000173        0x1 .\CortexM0\ARM_GCC_541\Debug\Design01.a(PWM_Timer.o)
                0x20000173                PWM_Timer_initVar
 .bss           0x20000174        0x4 .\CortexM0\ARM_GCC_541\Debug\Design01.a(UART.o)
                0x20000174                UART_initVar
                0x20000176                UART_IntrTxMask
 .bss.__malloc_sbrk_start
                0x20000178        0x4 c:/program files (x86)/cypress/psoc creator/4.2/psoc creator/import/gnu/arm/5.4.1/bin/../lib/gcc/arm-none-eabi/5.4.1/../../../../arm-none-eabi/lib/armv6-m\libg_nano.a(lib_a-nano-mallocr.o)
                0x20000178                __malloc_sbrk_start
 .bss.__malloc_free_list
                0x2000017c        0x4 c:/program files (x86)/cypress/psoc creator/4.2/psoc creator/import/gnu/arm/5.4.1/bin/../lib/gcc/arm-none-eabi/5.4.1/../../../../arm-none-eabi/lib/armv6-m\libg_nano.a(lib_a-nano-mallocr.o)
                0x2000017c                __malloc_free_list
 *(COMMON)
 COMMON         0x20000180       0x14 .\CortexM0\ARM_GCC_541\Debug\main.o
                0x20000180                nResets
                0x20000184                dPulse
                0x20000188                timeRemain
                0x2000018c                override
                0x2000018e                ppPulse
                0x20000190                ddPulse
 COMMON         0x20000194        0x4 c:/program files (x86)/cypress/psoc creator/4.2/psoc creator/import/gnu/arm/5.4.1/bin/../lib/gcc/arm-none-eabi/5.4.1/../../../../arm-none-eabi/lib/armv6-m\libg_nano.a(lib_a-reent.o)
                0x20000194                errno
                0x20000198                . = ALIGN (0x8)
 *(.ram.b)
                0x20000198                _end = .
                0x20000198                __end = .
                0x20000198                PROVIDE (end, .)
                0x20000198                PROVIDE (__bss_end__, .)
                0x000016f0                __cy_region_init_ram = LOADADDR (.data)
                0x00000080                __cy_region_init_size_ram = (_edata - ADDR (.data))
                0x00000058                __cy_region_zero_size_ram = (_end - _edata)

.heap           0x20000198       0x80 load address 0x00001770
                0x20000198                . = _end
                0x20000218                . = (. + 0x80)
 *fill*         0x20000198       0x80 
                0x20000218                __cy_heap_limit = .

.stack          0x20000c00      0x400
                0x20000c00                __cy_stack_limit = .
                0x20001000                . = (. + 0x400)
 *fill*         0x20000c00      0x400 
                0x00000001                ASSERT ((__cy_stack_limit >= __cy_heap_limit), region RAM overflowed with stack)
                0x00000000                cy_checksum_exclude_size = (CY_APPL_LOADABLE == 0x1)?SIZEOF (.cy_checksum_exclude):0x0
                0x00000001                ASSERT ((cy_checksum_exclude_size <= CY_CHECKSUM_EXCLUDE_SIZE), CY_BOOT: Section .cy_checksum_exclude size exceedes specified limit.)
                0x00007fc0                cyloadermeta_start = (cy_project_type_bootloader || cy_project_type_app_for_stack_and_copier)?(LENGTH (rom) - CY_METADATA_SIZE):0xf0000000

.cyloadermeta
 *(.cyloadermeta)
                0x00007fc0                cyloadablemeta_start = cy_project_type_app_for_stack_and_copier?((LENGTH (rom) - CY_FLASH_ROW_SIZE) - CY_METADATA_SIZE):((LENGTH (rom) - (CY_FLASH_ROW_SIZE * (CY_APPL_NUM - 0x1))) - CY_METADATA_SIZE)

.cyloadablemeta
 *(.cyloadablemeta)

.cyflashprotect
                0x90400000       0x20
 *(.cyflashprotect)
 .cyflashprotect
                0x90400000       0x20 .\CortexM0\ARM_GCC_541\Debug\cymetadata.o
                0x90400000                cy_meta_flashprotect

.cymeta         0x90500000        0xc
 *(.cymeta)
 .cymeta        0x90500000        0xc .\CortexM0\ARM_GCC_541\Debug\cymetadata.o
                0x90500000                cy_metadata

.cychipprotect  0x90600000        0x1
 *(.cychipprotect)
 .cychipprotect
                0x90600000        0x1 .\CortexM0\ARM_GCC_541\Debug\cymetadata.o
                0x90600000                cy_meta_chipprotect

.rel.dyn        0x00001770        0x0 load address 0x90600004
 .rel.iplt      0x00001770        0x0 c:/program files (x86)/cypress/psoc creator/4.2/psoc creator/import/gnu/arm/5.4.1/bin/../lib/gcc/arm-none-eabi/5.4.1/armv6-m/crtbegin.o

.stab
 *(.stab)

.stabstr
 *(.stabstr)

.debug
 *(.debug)

.line
 *(.line)

.debug_srcinfo
 *(.debug_srcinfo)

.debug_sfnames
 *(.debug_sfnames)

.debug_aranges  0x00000000      0xb68
 *(.debug_aranges)
 .debug_aranges
                0x00000000       0x38 .\CortexM0\ARM_GCC_541\Debug\main.o
 .debug_aranges
                0x00000038       0x48 .\CortexM0\ARM_GCC_541\Debug\cyfitter_cfg.o
 .debug_aranges
                0x00000080       0x18 .\CortexM0\ARM_GCC_541\Debug\cymetadata.o
 .debug_aranges
                0x00000098       0x48 .\CortexM0\ARM_GCC_541\Debug\Cm0Start.o
 .debug_aranges
                0x000000e0      0x158 .\CortexM0\ARM_GCC_541\Debug\Design01.a(PWM_Timer_Pulse.o)
 .debug_aranges
                0x00000238      0x158 .\CortexM0\ARM_GCC_541\Debug\Design01.a(PWM_Timer.o)
 .debug_aranges
                0x00000390       0x80 .\CortexM0\ARM_GCC_541\Debug\Design01.a(PWM_Timer_Int.o)
 .debug_aranges
                0x00000410      0x180 .\CortexM0\ARM_GCC_541\Debug\Design01.a(CyLib.o)
 .debug_aranges
                0x00000590      0x138 .\CortexM0\ARM_GCC_541\Debug\Design01.a(CyLFClk.o)
 .debug_aranges
                0x000006c8       0x48 .\CortexM0\ARM_GCC_541\Debug\Design01.a(Blue.o)
 .debug_aranges
                0x00000710       0x48 .\CortexM0\ARM_GCC_541\Debug\Design01.a(Green.o)
 .debug_aranges
                0x00000758       0x48 .\CortexM0\ARM_GCC_541\Debug\Design01.a(Red.o)
 .debug_aranges
                0x000007a0       0xa8 .\CortexM0\ARM_GCC_541\Debug\Design01.a(ADC.o)
 .debug_aranges
                0x00000848      0x158 .\CortexM0\ARM_GCC_541\Debug\Design01.a(Analog_Timer.o)
 .debug_aranges
                0x000009a0       0x60 .\CortexM0\ARM_GCC_541\Debug\Design01.a(UART.o)
 .debug_aranges
                0x00000a00       0x68 .\CortexM0\ARM_GCC_541\Debug\Design01.a(UART_UART.o)
 .debug_aranges
                0x00000a68       0x80 .\CortexM0\ARM_GCC_541\Debug\Design01.a(WDT_ISR.o)
 .debug_aranges
                0x00000ae8       0x20 .\CortexM0\ARM_GCC_541\Debug\Design01.a(CyBootAsmGnu.o)
 .debug_aranges
                0x00000b08       0x60 .\CortexM0\ARM_GCC_541\Debug\Design01.a(UART_SPI_UART.o)

.debug_pubnames
 *(.debug_pubnames)

.debug_info     0x00000000     0x594b
 *(.debug_info .gnu.linkonce.wi.*)
 .debug_info    0x00000000      0x59f .\CortexM0\ARM_GCC_541\Debug\main.o
 .debug_info    0x0000059f      0x3c8 .\CortexM0\ARM_GCC_541\Debug\cyfitter_cfg.o
 .debug_info    0x00000967       0xf8 .\CortexM0\ARM_GCC_541\Debug\cymetadata.o
 .debug_info    0x00000a5f      0x3a2 .\CortexM0\ARM_GCC_541\Debug\Cm0Start.o
 .debug_info    0x00000e01      0x907 .\CortexM0\ARM_GCC_541\Debug\Design01.a(PWM_Timer_Pulse.o)
 .debug_info    0x00001708      0x8f6 .\CortexM0\ARM_GCC_541\Debug\Design01.a(PWM_Timer.o)
 .debug_info    0x00001ffe      0x305 .\CortexM0\ARM_GCC_541\Debug\Design01.a(PWM_Timer_Int.o)
 .debug_info    0x00002303      0xaec .\CortexM0\ARM_GCC_541\Debug\Design01.a(CyLib.o)
 .debug_info    0x00002def      0xcfe .\CortexM0\ARM_GCC_541\Debug\Design01.a(CyLFClk.o)
 .debug_info    0x00003aed      0x19d .\CortexM0\ARM_GCC_541\Debug\Design01.a(Blue.o)
 .debug_info    0x00003c8a      0x19d .\CortexM0\ARM_GCC_541\Debug\Design01.a(Green.o)
 .debug_info    0x00003e27      0x19d .\CortexM0\ARM_GCC_541\Debug\Design01.a(Red.o)
 .debug_info    0x00003fc4      0x579 .\CortexM0\ARM_GCC_541\Debug\Design01.a(ADC.o)
 .debug_info    0x0000453d      0x8f6 .\CortexM0\ARM_GCC_541\Debug\Design01.a(Analog_Timer.o)
 .debug_info    0x00004e33      0x24c .\CortexM0\ARM_GCC_541\Debug\Design01.a(UART.o)
 .debug_info    0x0000507f      0x310 .\CortexM0\ARM_GCC_541\Debug\Design01.a(UART_UART.o)
 .debug_info    0x0000538f      0x305 .\CortexM0\ARM_GCC_541\Debug\Design01.a(WDT_ISR.o)
 .debug_info    0x00005694       0x97 .\CortexM0\ARM_GCC_541\Debug\Design01.a(CyBootAsmGnu.o)
 .debug_info    0x0000572b      0x220 .\CortexM0\ARM_GCC_541\Debug\Design01.a(UART_SPI_UART.o)

.debug_abbrev   0x00000000     0x1732
 *(.debug_abbrev)
 .debug_abbrev  0x00000000      0x17e .\CortexM0\ARM_GCC_541\Debug\main.o
 .debug_abbrev  0x0000017e      0x1c2 .\CortexM0\ARM_GCC_541\Debug\cyfitter_cfg.o
 .debug_abbrev  0x00000340       0x5d .\CortexM0\ARM_GCC_541\Debug\cymetadata.o
 .debug_abbrev  0x0000039d      0x1d7 .\CortexM0\ARM_GCC_541\Debug\Cm0Start.o
 .debug_abbrev  0x00000574      0x119 .\CortexM0\ARM_GCC_541\Debug\Design01.a(PWM_Timer_Pulse.o)
 .debug_abbrev  0x0000068d      0x119 .\CortexM0\ARM_GCC_541\Debug\Design01.a(PWM_Timer.o)
 .debug_abbrev  0x000007a6      0x19a .\CortexM0\ARM_GCC_541\Debug\Design01.a(PWM_Timer_Int.o)
 .debug_abbrev  0x00000940      0x1e0 .\CortexM0\ARM_GCC_541\Debug\Design01.a(CyLib.o)
 .debug_abbrev  0x00000b20      0x210 .\CortexM0\ARM_GCC_541\Debug\Design01.a(CyLFClk.o)
 .debug_abbrev  0x00000d30       0xc8 .\CortexM0\ARM_GCC_541\Debug\Design01.a(Blue.o)
 .debug_abbrev  0x00000df8       0xc8 .\CortexM0\ARM_GCC_541\Debug\Design01.a(Green.o)
 .debug_abbrev  0x00000ec0       0xc8 .\CortexM0\ARM_GCC_541\Debug\Design01.a(Red.o)
 .debug_abbrev  0x00000f88      0x184 .\CortexM0\ARM_GCC_541\Debug\Design01.a(ADC.o)
 .debug_abbrev  0x0000110c      0x119 .\CortexM0\ARM_GCC_541\Debug\Design01.a(Analog_Timer.o)
 .debug_abbrev  0x00001225       0xed .\CortexM0\ARM_GCC_541\Debug\Design01.a(UART.o)
 .debug_abbrev  0x00001312      0x123 .\CortexM0\ARM_GCC_541\Debug\Design01.a(UART_UART.o)
 .debug_abbrev  0x00001435      0x19a .\CortexM0\ARM_GCC_541\Debug\Design01.a(WDT_ISR.o)
 .debug_abbrev  0x000015cf       0x14 .\CortexM0\ARM_GCC_541\Debug\Design01.a(CyBootAsmGnu.o)
 .debug_abbrev  0x000015e3      0x14f .\CortexM0\ARM_GCC_541\Debug\Design01.a(UART_SPI_UART.o)

.debug_line     0x00000000     0x25b7
 *(.debug_line)
 .debug_line    0x00000000      0x1f1 .\CortexM0\ARM_GCC_541\Debug\main.o
 .debug_line    0x000001f1      0x197 .\CortexM0\ARM_GCC_541\Debug\cyfitter_cfg.o
 .debug_line    0x00000388      0x141 .\CortexM0\ARM_GCC_541\Debug\cymetadata.o
 .debug_line    0x000004c9      0x235 .\CortexM0\ARM_GCC_541\Debug\Cm0Start.o
 .debug_line    0x000006fe      0x388 .\CortexM0\ARM_GCC_541\Debug\Design01.a(PWM_Timer_Pulse.o)
 .debug_line    0x00000a86      0x37d .\CortexM0\ARM_GCC_541\Debug\Design01.a(PWM_Timer.o)
 .debug_line    0x00000e03      0x159 .\CortexM0\ARM_GCC_541\Debug\Design01.a(PWM_Timer_Int.o)
 .debug_line    0x00000f5c      0x460 .\CortexM0\ARM_GCC_541\Debug\Design01.a(CyLib.o)
 .debug_line    0x000013bc      0x466 .\CortexM0\ARM_GCC_541\Debug\Design01.a(CyLFClk.o)
 .debug_line    0x00001822       0xbc .\CortexM0\ARM_GCC_541\Debug\Design01.a(Blue.o)
 .debug_line    0x000018de       0xbd .\CortexM0\ARM_GCC_541\Debug\Design01.a(Green.o)
 .debug_line    0x0000199b       0xbb .\CortexM0\ARM_GCC_541\Debug\Design01.a(Red.o)
 .debug_line    0x00001a56      0x277 .\CortexM0\ARM_GCC_541\Debug\Design01.a(ADC.o)
 .debug_line    0x00001ccd      0x380 .\CortexM0\ARM_GCC_541\Debug\Design01.a(Analog_Timer.o)
 .debug_line    0x0000204d      0x127 .\CortexM0\ARM_GCC_541\Debug\Design01.a(UART.o)
 .debug_line    0x00002174      0x16d .\CortexM0\ARM_GCC_541\Debug\Design01.a(UART_UART.o)
 .debug_line    0x000022e1      0x153 .\CortexM0\ARM_GCC_541\Debug\Design01.a(WDT_ISR.o)
 .debug_line    0x00002434       0x69 .\CortexM0\ARM_GCC_541\Debug\Design01.a(CyBootAsmGnu.o)
 .debug_line    0x0000249d      0x11a .\CortexM0\ARM_GCC_541\Debug\Design01.a(UART_SPI_UART.o)

.debug_frame    0x00000000     0x21a8
 *(.debug_frame)
 .debug_frame   0x00000000       0x88 .\CortexM0\ARM_GCC_541\Debug\main.o
 .debug_frame   0x00000088       0xb4 .\CortexM0\ARM_GCC_541\Debug\cyfitter_cfg.o
 .debug_frame   0x0000013c       0xbc .\CortexM0\ARM_GCC_541\Debug\Cm0Start.o
 .debug_frame   0x000001f8      0x3a0 .\CortexM0\ARM_GCC_541\Debug\Design01.a(PWM_Timer_Pulse.o)
 .debug_frame   0x00000598      0x3a0 .\CortexM0\ARM_GCC_541\Debug\Design01.a(PWM_Timer.o)
 .debug_frame   0x00000938      0x110 .\CortexM0\ARM_GCC_541\Debug\Design01.a(PWM_Timer_Int.o)
 .debug_frame   0x00000a48      0x3e0 .\CortexM0\ARM_GCC_541\Debug\Design01.a(CyLib.o)
 .debug_frame   0x00000e28      0x3a8 .\CortexM0\ARM_GCC_541\Debug\Design01.a(CyLFClk.o)
 .debug_frame   0x000011d0       0x70 .\CortexM0\ARM_GCC_541\Debug\Design01.a(Blue.o)
 .debug_frame   0x00001240       0x70 .\CortexM0\ARM_GCC_541\Debug\Design01.a(Green.o)
 .debug_frame   0x000012b0       0x70 .\CortexM0\ARM_GCC_541\Debug\Design01.a(Red.o)
 .debug_frame   0x00001320      0x1b0 .\CortexM0\ARM_GCC_541\Debug\Design01.a(ADC.o)
 .debug_frame   0x000014d0      0x3a0 .\CortexM0\ARM_GCC_541\Debug\Design01.a(Analog_Timer.o)
 .debug_frame   0x00001870       0xe8 .\CortexM0\ARM_GCC_541\Debug\Design01.a(UART.o)
 .debug_frame   0x00001958       0xf4 .\CortexM0\ARM_GCC_541\Debug\Design01.a(UART_UART.o)
 .debug_frame   0x00001a4c      0x110 .\CortexM0\ARM_GCC_541\Debug\Design01.a(WDT_ISR.o)
 .debug_frame   0x00001b5c       0xb0 .\CortexM0\ARM_GCC_541\Debug\Design01.a(UART_SPI_UART.o)
 .debug_frame   0x00001c0c       0x20 c:/program files (x86)/cypress/psoc creator/4.2/psoc creator/import/gnu/arm/5.4.1/bin/../lib/gcc/arm-none-eabi/5.4.1/armv6-m\libgcc.a(_udivsi3.o)
 .debug_frame   0x00001c2c       0x20 c:/program files (x86)/cypress/psoc creator/4.2/psoc creator/import/gnu/arm/5.4.1/bin/../lib/gcc/arm-none-eabi/5.4.1/armv6-m\libgcc.a(_divsi3.o)
 .debug_frame   0x00001c4c       0x34 c:/program files (x86)/cypress/psoc creator/4.2/psoc creator/import/gnu/arm/5.4.1/bin/../lib/gcc/arm-none-eabi/5.4.1/armv6-m\libgcc.a(_muldi3.o)
 .debug_frame   0x00001c80       0x30 c:/program files (x86)/cypress/psoc creator/4.2/psoc creator/import/gnu/arm/5.4.1/bin/../lib/gcc/arm-none-eabi/5.4.1/armv6-m\libgcc.a(bpabi.o)
 .debug_frame   0x00001cb0       0x3c c:/program files (x86)/cypress/psoc creator/4.2/psoc creator/import/gnu/arm/5.4.1/bin/../lib/gcc/arm-none-eabi/5.4.1/armv6-m\libgcc.a(divsf3.o)
 .debug_frame   0x00001cec       0x38 c:/program files (x86)/cypress/psoc creator/4.2/psoc creator/import/gnu/arm/5.4.1/bin/../lib/gcc/arm-none-eabi/5.4.1/armv6-m\libgcc.a(mulsf3.o)
 .debug_frame   0x00001d24       0x20 c:/program files (x86)/cypress/psoc creator/4.2/psoc creator/import/gnu/arm/5.4.1/bin/../lib/gcc/arm-none-eabi/5.4.1/armv6-m\libgcc.a(fixsfsi.o)
 .debug_frame   0x00001d44       0x2c c:/program files (x86)/cypress/psoc creator/4.2/psoc creator/import/gnu/arm/5.4.1/bin/../lib/gcc/arm-none-eabi/5.4.1/armv6-m\libgcc.a(floatsisf.o)
 .debug_frame   0x00001d70       0x3c c:/program files (x86)/cypress/psoc creator/4.2/psoc creator/import/gnu/arm/5.4.1/bin/../lib/gcc/arm-none-eabi/5.4.1/armv6-m\libgcc.a(divdf3.o)
 .debug_frame   0x00001dac       0x2c c:/program files (x86)/cypress/psoc creator/4.2/psoc creator/import/gnu/arm/5.4.1/bin/../lib/gcc/arm-none-eabi/5.4.1/armv6-m\libgcc.a(floatsidf.o)
 .debug_frame   0x00001dd8       0x2c c:/program files (x86)/cypress/psoc creator/4.2/psoc creator/import/gnu/arm/5.4.1/bin/../lib/gcc/arm-none-eabi/5.4.1/armv6-m\libgcc.a(truncdfsf2.o)
 .debug_frame   0x00001e04       0x3c c:/program files (x86)/cypress/psoc creator/4.2/psoc creator/import/gnu/arm/5.4.1/bin/../lib/gcc/arm-none-eabi/5.4.1/armv6-m\libgcc.a(_divdi3.o)
 .debug_frame   0x00001e40       0x20 c:/program files (x86)/cypress/psoc creator/4.2/psoc creator/import/gnu/arm/5.4.1/bin/../lib/gcc/arm-none-eabi/5.4.1/../../../../arm-none-eabi/lib/armv6-m\libg_nano.a(lib_a-errno.o)
 .debug_frame   0x00001e60       0x28 c:/program files (x86)/cypress/psoc creator/4.2/psoc creator/import/gnu/arm/5.4.1/bin/../lib/gcc/arm-none-eabi/5.4.1/../../../../arm-none-eabi/lib/armv6-m\libg_nano.a(lib_a-exit.o)
 .debug_frame   0x00001e88       0x2c c:/program files (x86)/cypress/psoc creator/4.2/psoc creator/import/gnu/arm/5.4.1/bin/../lib/gcc/arm-none-eabi/5.4.1/../../../../arm-none-eabi/lib/armv6-m\libg_nano.a(lib_a-init.o)
 .debug_frame   0x00001eb4       0x20 c:/program files (x86)/cypress/psoc creator/4.2/psoc creator/import/gnu/arm/5.4.1/bin/../lib/gcc/arm-none-eabi/5.4.1/../../../../arm-none-eabi/lib/armv6-m\libg_nano.a(lib_a-memset.o)
 .debug_frame   0x00001ed4       0x50 c:/program files (x86)/cypress/psoc creator/4.2/psoc creator/import/gnu/arm/5.4.1/bin/../lib/gcc/arm-none-eabi/5.4.1/../../../../arm-none-eabi/lib/armv6-m\libg_nano.a(lib_a-snprintf.o)
 .debug_frame   0x00001f24       0x74 c:/program files (x86)/cypress/psoc creator/4.2/psoc creator/import/gnu/arm/5.4.1/bin/../lib/gcc/arm-none-eabi/5.4.1/../../../../arm-none-eabi/lib/armv6-m\libg_nano.a(lib_a-nano-svfprintf.o)
 .debug_frame   0x00001f98       0x54 c:/program files (x86)/cypress/psoc creator/4.2/psoc creator/import/gnu/arm/5.4.1/bin/../lib/gcc/arm-none-eabi/5.4.1/../../../../arm-none-eabi/lib/armv6-m\libg_nano.a(lib_a-nano-vfprintf_i.o)
 .debug_frame   0x00001fec       0x20 c:/program files (x86)/cypress/psoc creator/4.2/psoc creator/import/gnu/arm/5.4.1/bin/../lib/gcc/arm-none-eabi/5.4.1/../../../../arm-none-eabi/lib/armv6-m\libg_nano.a(lib_a-memchr-stub.o)
 .debug_frame   0x0000200c       0x28 c:/program files (x86)/cypress/psoc creator/4.2/psoc creator/import/gnu/arm/5.4.1/bin/../lib/gcc/arm-none-eabi/5.4.1/../../../../arm-none-eabi/lib/armv6-m\libg_nano.a(lib_a-memcpy-stub.o)
 .debug_frame   0x00002034       0x28 c:/program files (x86)/cypress/psoc creator/4.2/psoc creator/import/gnu/arm/5.4.1/bin/../lib/gcc/arm-none-eabi/5.4.1/../../../../arm-none-eabi/lib/armv6-m\libg_nano.a(lib_a-memmove.o)
 .debug_frame   0x0000205c       0x2c c:/program files (x86)/cypress/psoc creator/4.2/psoc creator/import/gnu/arm/5.4.1/bin/../lib/gcc/arm-none-eabi/5.4.1/../../../../arm-none-eabi/lib/armv6-m\libg_nano.a(lib_a-nano-freer.o)
 .debug_frame   0x00002088       0x2c c:/program files (x86)/cypress/psoc creator/4.2/psoc creator/import/gnu/arm/5.4.1/bin/../lib/gcc/arm-none-eabi/5.4.1/../../../../arm-none-eabi/lib/armv6-m\libg_nano.a(lib_a-nano-mallocr.o)
 .debug_frame   0x000020b4       0x30 c:/program files (x86)/cypress/psoc creator/4.2/psoc creator/import/gnu/arm/5.4.1/bin/../lib/gcc/arm-none-eabi/5.4.1/../../../../arm-none-eabi/lib/armv6-m\libg_nano.a(lib_a-nano-reallocr.o)
 .debug_frame   0x000020e4       0x2c c:/program files (x86)/cypress/psoc creator/4.2/psoc creator/import/gnu/arm/5.4.1/bin/../lib/gcc/arm-none-eabi/5.4.1/../../../../arm-none-eabi/lib/armv6-m\libg_nano.a(lib_a-sbrkr.o)
 .debug_frame   0x00002110       0x30 c:/program files (x86)/cypress/psoc creator/4.2/psoc creator/import/gnu/arm/5.4.1/bin/../lib/gcc/arm-none-eabi/5.4.1/../../../../arm-none-eabi/lib/armv6-m\libg_nano.a(lib_a-mlock.o)
 .debug_frame   0x00002140       0x20 c:/program files (x86)/cypress/psoc creator/4.2/psoc creator/import/gnu/arm/5.4.1/bin/../lib/gcc/arm-none-eabi/5.4.1/../../../../arm-none-eabi/lib/armv6-m\libg_nano.a(lib_a-nano-msizer.o)
 .debug_frame   0x00002160       0x48 c:/program files (x86)/cypress/psoc creator/4.2/psoc creator/import/gnu/arm/5.4.1/bin/../lib/gcc/arm-none-eabi/5.4.1/../../../../arm-none-eabi/lib/armv6-m\libg_nano.a(lib_a-reent.o)

.debug_str      0x00000000     0x25d6
 *(.debug_str)
 .debug_str     0x00000000      0x3eb .\CortexM0\ARM_GCC_541\Debug\main.o
                                0x43c (size before relaxing)
 .debug_str     0x000003eb      0x12f .\CortexM0\ARM_GCC_541\Debug\cyfitter_cfg.o
                                0x2e9 (size before relaxing)
 .debug_str     0x0000051a       0x63 .\CortexM0\ARM_GCC_541\Debug\cymetadata.o
                                0x1cf (size before relaxing)
 .debug_str     0x0000057d      0x13a .\CortexM0\ARM_GCC_541\Debug\Cm0Start.o
                                0x308 (size before relaxing)
 .debug_str     0x000006b7      0x5ab .\CortexM0\ARM_GCC_541\Debug\Design01.a(PWM_Timer_Pulse.o)
                                0x75c (size before relaxing)
 .debug_str     0x00000c62      0x36a .\CortexM0\ARM_GCC_541\Debug\Design01.a(PWM_Timer.o)
                                0x660 (size before relaxing)
 .debug_str     0x00000fcc      0x167 .\CortexM0\ARM_GCC_541\Debug\Design01.a(PWM_Timer_Int.o)
                                0x361 (size before relaxing)
 .debug_str     0x00001133      0x493 .\CortexM0\ARM_GCC_541\Debug\Design01.a(CyLib.o)
                                0x6bd (size before relaxing)
 .debug_str     0x000015c6      0x4ab .\CortexM0\ARM_GCC_541\Debug\Design01.a(CyLFClk.o)
                                0x744 (size before relaxing)
 .debug_str     0x00001a71       0x99 .\CortexM0\ARM_GCC_541\Debug\Design01.a(Blue.o)
                                0x236 (size before relaxing)
 .debug_str     0x00001b0a       0x7b .\CortexM0\ARM_GCC_541\Debug\Design01.a(Green.o)
                                0x23d (size before relaxing)
 .debug_str     0x00001b85       0x6f .\CortexM0\ARM_GCC_541\Debug\Design01.a(Red.o)
                                0x22f (size before relaxing)
 .debug_str     0x00001bf4      0x189 .\CortexM0\ARM_GCC_541\Debug\Design01.a(ADC.o)
                                0x3cb (size before relaxing)
 .debug_str     0x00001d7d      0x431 .\CortexM0\ARM_GCC_541\Debug\Design01.a(Analog_Timer.o)
                                0x6de (size before relaxing)
 .debug_str     0x000021ae      0x113 .\CortexM0\ARM_GCC_541\Debug\Design01.a(UART.o)
                                0x2ba (size before relaxing)
 .debug_str     0x000022c1      0x152 .\CortexM0\ARM_GCC_541\Debug\Design01.a(UART_UART.o)
                                0x343 (size before relaxing)
 .debug_str     0x00002413       0xe0 .\CortexM0\ARM_GCC_541\Debug\Design01.a(WDT_ISR.o)
                                0x30d (size before relaxing)
 .debug_str     0x000024f3       0xe3 .\CortexM0\ARM_GCC_541\Debug\Design01.a(UART_SPI_UART.o)
                                0x2d5 (size before relaxing)

.debug_loc      0x00000000     0x2bf8
 *(.debug_loc)
 .debug_loc     0x00000000       0xc4 .\CortexM0\ARM_GCC_541\Debug\main.o
 .debug_loc     0x000000c4      0x136 .\CortexM0\ARM_GCC_541\Debug\cyfitter_cfg.o
 .debug_loc     0x000001fa      0x14f .\CortexM0\ARM_GCC_541\Debug\Cm0Start.o
 .debug_loc     0x00000349      0x547 .\CortexM0\ARM_GCC_541\Debug\Design01.a(PWM_Timer_Pulse.o)
 .debug_loc     0x00000890      0x547 .\CortexM0\ARM_GCC_541\Debug\Design01.a(PWM_Timer.o)
 .debug_loc     0x00000dd7       0x82 .\CortexM0\ARM_GCC_541\Debug\Design01.a(PWM_Timer_Int.o)
 .debug_loc     0x00000e59      0x599 .\CortexM0\ARM_GCC_541\Debug\Design01.a(CyLib.o)
 .debug_loc     0x000013f2      0x9b5 .\CortexM0\ARM_GCC_541\Debug\Design01.a(CyLFClk.o)
 .debug_loc     0x00001da7       0xa2 .\CortexM0\ARM_GCC_541\Debug\Design01.a(Blue.o)
 .debug_loc     0x00001e49       0xa2 .\CortexM0\ARM_GCC_541\Debug\Design01.a(Green.o)
 .debug_loc     0x00001eeb       0xa2 .\CortexM0\ARM_GCC_541\Debug\Design01.a(Red.o)
 .debug_loc     0x00001f8d      0x3aa .\CortexM0\ARM_GCC_541\Debug\Design01.a(ADC.o)
 .debug_loc     0x00002337      0x547 .\CortexM0\ARM_GCC_541\Debug\Design01.a(Analog_Timer.o)
 .debug_loc     0x0000287e       0x7e .\CortexM0\ARM_GCC_541\Debug\Design01.a(UART.o)
 .debug_loc     0x000028fc      0x1e4 .\CortexM0\ARM_GCC_541\Debug\Design01.a(UART_UART.o)
 .debug_loc     0x00002ae0       0x82 .\CortexM0\ARM_GCC_541\Debug\Design01.a(WDT_ISR.o)
 .debug_loc     0x00002b62       0x96 .\CortexM0\ARM_GCC_541\Debug\Design01.a(UART_SPI_UART.o)

.debug_macinfo
 *(.debug_macinfo)

.debug_ranges   0x00000000      0xa20
 *(.debug_ranges)
 .debug_ranges  0x00000000       0x28 .\CortexM0\ARM_GCC_541\Debug\main.o
 .debug_ranges  0x00000028       0x38 .\CortexM0\ARM_GCC_541\Debug\cyfitter_cfg.o
 .debug_ranges  0x00000060       0x38 .\CortexM0\ARM_GCC_541\Debug\Cm0Start.o
 .debug_ranges  0x00000098      0x148 .\CortexM0\ARM_GCC_541\Debug\Design01.a(PWM_Timer_Pulse.o)
 .debug_ranges  0x000001e0      0x148 .\CortexM0\ARM_GCC_541\Debug\Design01.a(PWM_Timer.o)
 .debug_ranges  0x00000328       0x70 .\CortexM0\ARM_GCC_541\Debug\Design01.a(PWM_Timer_Int.o)
 .debug_ranges  0x00000398      0x170 .\CortexM0\ARM_GCC_541\Debug\Design01.a(CyLib.o)
 .debug_ranges  0x00000508      0x128 .\CortexM0\ARM_GCC_541\Debug\Design01.a(CyLFClk.o)
 .debug_ranges  0x00000630       0x38 .\CortexM0\ARM_GCC_541\Debug\Design01.a(Blue.o)
 .debug_ranges  0x00000668       0x38 .\CortexM0\ARM_GCC_541\Debug\Design01.a(Green.o)
 .debug_ranges  0x000006a0       0x38 .\CortexM0\ARM_GCC_541\Debug\Design01.a(Red.o)
 .debug_ranges  0x000006d8       0x98 .\CortexM0\ARM_GCC_541\Debug\Design01.a(ADC.o)
 .debug_ranges  0x00000770      0x148 .\CortexM0\ARM_GCC_541\Debug\Design01.a(Analog_Timer.o)
 .debug_ranges  0x000008b8       0x50 .\CortexM0\ARM_GCC_541\Debug\Design01.a(UART.o)
 .debug_ranges  0x00000908       0x58 .\CortexM0\ARM_GCC_541\Debug\Design01.a(UART_UART.o)
 .debug_ranges  0x00000960       0x70 .\CortexM0\ARM_GCC_541\Debug\Design01.a(WDT_ISR.o)
 .debug_ranges  0x000009d0       0x50 .\CortexM0\ARM_GCC_541\Debug\Design01.a(UART_SPI_UART.o)

.comment        0x00000000       0x6e
 .comment       0x00000000       0x6e .\CortexM0\ARM_GCC_541\Debug\main.o
                                 0x6f (size before relaxing)
 .comment       0x0000006e       0x6f .\CortexM0\ARM_GCC_541\Debug\cyfitter_cfg.o
 .comment       0x0000006e       0x6f .\CortexM0\ARM_GCC_541\Debug\cymetadata.o
 .comment       0x0000006e       0x6f .\CortexM0\ARM_GCC_541\Debug\Cm0Start.o
 .comment       0x0000006e       0x6f .\CortexM0\ARM_GCC_541\Debug\Design01.a(PWM_Timer_Pulse.o)
 .comment       0x0000006e       0x6f .\CortexM0\ARM_GCC_541\Debug\Design01.a(PWM_Timer.o)
 .comment       0x0000006e       0x6f .\CortexM0\ARM_GCC_541\Debug\Design01.a(PWM_Timer_Int.o)
 .comment       0x0000006e       0x6f .\CortexM0\ARM_GCC_541\Debug\Design01.a(CyLib.o)
 .comment       0x0000006e       0x6f .\CortexM0\ARM_GCC_541\Debug\Design01.a(CyLFClk.o)
 .comment       0x0000006e       0x6f .\CortexM0\ARM_GCC_541\Debug\Design01.a(Blue.o)
 .comment       0x0000006e       0x6f .\CortexM0\ARM_GCC_541\Debug\Design01.a(Green.o)
 .comment       0x0000006e       0x6f .\CortexM0\ARM_GCC_541\Debug\Design01.a(Red.o)
 .comment       0x0000006e       0x6f .\CortexM0\ARM_GCC_541\Debug\Design01.a(ADC.o)
 .comment       0x0000006e       0x6f .\CortexM0\ARM_GCC_541\Debug\Design01.a(Analog_Timer.o)
 .comment       0x0000006e       0x6f .\CortexM0\ARM_GCC_541\Debug\Design01.a(UART.o)
 .comment       0x0000006e       0x6f .\CortexM0\ARM_GCC_541\Debug\Design01.a(UART_UART.o)
 .comment       0x0000006e       0x6f .\CortexM0\ARM_GCC_541\Debug\Design01.a(WDT_ISR.o)
 .comment       0x0000006e       0x6f .\CortexM0\ARM_GCC_541\Debug\Design01.a(UART_SPI_UART.o)

.debug_weaknames
 *(.debug_weaknames)

.debug_funcnames
 *(.debug_funcnames)

.debug_typenames
 *(.debug_typenames)

.debug_varnames
 *(.debug_varnames)

.note.gnu.arm.ident
 *(.note.gnu.arm.ident)

.ARM.attributes
                0x00000000       0x28
 *(.ARM.attributes)
 .ARM.attributes
                0x00000000       0x1e c:/program files (x86)/cypress/psoc creator/4.2/psoc creator/import/gnu/arm/5.4.1/bin/../lib/gcc/arm-none-eabi/5.4.1/armv6-m/crti.o
 .ARM.attributes
                0x0000001e       0x2c c:/program files (x86)/cypress/psoc creator/4.2/psoc creator/import/gnu/arm/5.4.1/bin/../lib/gcc/arm-none-eabi/5.4.1/armv6-m/crtbegin.o
 .ARM.attributes
                0x0000004a       0x1b c:/program files (x86)/cypress/psoc creator/4.2/psoc creator/import/gnu/arm/5.4.1/bin/../lib/gcc/arm-none-eabi/5.4.1/../../../../arm-none-eabi/lib/armv6-m/crt0.o
 .ARM.attributes
                0x00000065       0x31 .\CortexM0\ARM_GCC_541\Debug\main.o
 .ARM.attributes
                0x00000096       0x31 .\CortexM0\ARM_GCC_541\Debug\cyfitter_cfg.o
 .ARM.attributes
                0x000000c7       0x31 .\CortexM0\ARM_GCC_541\Debug\cymetadata.o
 .ARM.attributes
                0x000000f8       0x31 .\CortexM0\ARM_GCC_541\Debug\Cm0Start.o
 .ARM.attributes
                0x00000129       0x31 .\CortexM0\ARM_GCC_541\Debug\Design01.a(PWM_Timer_Pulse.o)
 .ARM.attributes
                0x0000015a       0x31 .\CortexM0\ARM_GCC_541\Debug\Design01.a(PWM_Timer.o)
 .ARM.attributes
                0x0000018b       0x31 .\CortexM0\ARM_GCC_541\Debug\Design01.a(PWM_Timer_Int.o)
 .ARM.attributes
                0x000001bc       0x31 .\CortexM0\ARM_GCC_541\Debug\Design01.a(CyLib.o)
 .ARM.attributes
                0x000001ed       0x31 .\CortexM0\ARM_GCC_541\Debug\Design01.a(CyLFClk.o)
 .ARM.attributes
                0x0000021e       0x31 .\CortexM0\ARM_GCC_541\Debug\Design01.a(Blue.o)
 .ARM.attributes
                0x0000024f       0x31 .\CortexM0\ARM_GCC_541\Debug\Design01.a(Green.o)
 .ARM.attributes
                0x00000280       0x31 .\CortexM0\ARM_GCC_541\Debug\Design01.a(Red.o)
 .ARM.attributes
                0x000002b1       0x31 .\CortexM0\ARM_GCC_541\Debug\Design01.a(ADC.o)
 .ARM.attributes
                0x000002e2       0x31 .\CortexM0\ARM_GCC_541\Debug\Design01.a(Analog_Timer.o)
 .ARM.attributes
                0x00000313       0x31 .\CortexM0\ARM_GCC_541\Debug\Design01.a(UART.o)
 .ARM.attributes
                0x00000344       0x31 .\CortexM0\ARM_GCC_541\Debug\Design01.a(UART_UART.o)
 .ARM.attributes
                0x00000375       0x31 .\CortexM0\ARM_GCC_541\Debug\Design01.a(WDT_ISR.o)
 .ARM.attributes
                0x000003a6       0x21 .\CortexM0\ARM_GCC_541\Debug\Design01.a(CyBootAsmGnu.o)
 .ARM.attributes
                0x000003c7       0x31 .\CortexM0\ARM_GCC_541\Debug\Design01.a(UART_SPI_UART.o)
 .ARM.attributes
                0x000003f8       0x1e c:/program files (x86)/cypress/psoc creator/4.2/psoc creator/import/gnu/arm/5.4.1/bin/../lib/gcc/arm-none-eabi/5.4.1/armv6-m\libgcc.a(_udivsi3.o)
 .ARM.attributes
                0x00000416       0x1e c:/program files (x86)/cypress/psoc creator/4.2/psoc creator/import/gnu/arm/5.4.1/bin/../lib/gcc/arm-none-eabi/5.4.1/armv6-m\libgcc.a(_divsi3.o)
 .ARM.attributes
                0x00000434       0x1e c:/program files (x86)/cypress/psoc creator/4.2/psoc creator/import/gnu/arm/5.4.1/bin/../lib/gcc/arm-none-eabi/5.4.1/armv6-m\libgcc.a(_dvmd_tls.o)
 .ARM.attributes
                0x00000452       0x1e c:/program files (x86)/cypress/psoc creator/4.2/psoc creator/import/gnu/arm/5.4.1/bin/../lib/gcc/arm-none-eabi/5.4.1/armv6-m\libgcc.a(_aeabi_ldivmod.o)
 .ARM.attributes
                0x00000470       0x2c c:/program files (x86)/cypress/psoc creator/4.2/psoc creator/import/gnu/arm/5.4.1/bin/../lib/gcc/arm-none-eabi/5.4.1/armv6-m\libgcc.a(_muldi3.o)
 .ARM.attributes
                0x0000049c       0x2c c:/program files (x86)/cypress/psoc creator/4.2/psoc creator/import/gnu/arm/5.4.1/bin/../lib/gcc/arm-none-eabi/5.4.1/armv6-m\libgcc.a(bpabi.o)
 .ARM.attributes
                0x000004c8       0x2c c:/program files (x86)/cypress/psoc creator/4.2/psoc creator/import/gnu/arm/5.4.1/bin/../lib/gcc/arm-none-eabi/5.4.1/armv6-m\libgcc.a(divsf3.o)
 .ARM.attributes
                0x000004f4       0x2c c:/program files (x86)/cypress/psoc creator/4.2/psoc creator/import/gnu/arm/5.4.1/bin/../lib/gcc/arm-none-eabi/5.4.1/armv6-m\libgcc.a(mulsf3.o)
 .ARM.attributes
                0x00000520       0x2c c:/program files (x86)/cypress/psoc creator/4.2/psoc creator/import/gnu/arm/5.4.1/bin/../lib/gcc/arm-none-eabi/5.4.1/armv6-m\libgcc.a(fixsfsi.o)
 .ARM.attributes
                0x0000054c       0x2c c:/program files (x86)/cypress/psoc creator/4.2/psoc creator/import/gnu/arm/5.4.1/bin/../lib/gcc/arm-none-eabi/5.4.1/armv6-m\libgcc.a(floatsisf.o)
 .ARM.attributes
                0x00000578       0x2c c:/program files (x86)/cypress/psoc creator/4.2/psoc creator/import/gnu/arm/5.4.1/bin/../lib/gcc/arm-none-eabi/5.4.1/armv6-m\libgcc.a(divdf3.o)
 .ARM.attributes
                0x000005a4       0x2c c:/program files (x86)/cypress/psoc creator/4.2/psoc creator/import/gnu/arm/5.4.1/bin/../lib/gcc/arm-none-eabi/5.4.1/armv6-m\libgcc.a(floatsidf.o)
 .ARM.attributes
                0x000005d0       0x2c c:/program files (x86)/cypress/psoc creator/4.2/psoc creator/import/gnu/arm/5.4.1/bin/../lib/gcc/arm-none-eabi/5.4.1/armv6-m\libgcc.a(truncdfsf2.o)
 .ARM.attributes
                0x000005fc       0x1e c:/program files (x86)/cypress/psoc creator/4.2/psoc creator/import/gnu/arm/5.4.1/bin/../lib/gcc/arm-none-eabi/5.4.1/armv6-m\libgcc.a(_clzsi2.o)
 .ARM.attributes
                0x0000061a       0x2c c:/program files (x86)/cypress/psoc creator/4.2/psoc creator/import/gnu/arm/5.4.1/bin/../lib/gcc/arm-none-eabi/5.4.1/armv6-m\libgcc.a(_divdi3.o)
 .ARM.attributes
                0x00000646       0x1e c:/program files (x86)/cypress/psoc creator/4.2/psoc creator/import/gnu/arm/5.4.1/bin/../lib/gcc/arm-none-eabi/5.4.1/armv6-m\libgcc.a(_clzdi2.o)
 .ARM.attributes
                0x00000664       0x2c c:/program files (x86)/cypress/psoc creator/4.2/psoc creator/import/gnu/arm/5.4.1/bin/../lib/gcc/arm-none-eabi/5.4.1/../../../../arm-none-eabi/lib/armv6-m\libg_nano.a(lib_a-errno.o)
 .ARM.attributes
                0x00000690       0x2c c:/program files (x86)/cypress/psoc creator/4.2/psoc creator/import/gnu/arm/5.4.1/bin/../lib/gcc/arm-none-eabi/5.4.1/../../../../arm-none-eabi/lib/armv6-m\libg_nano.a(lib_a-exit.o)
 .ARM.attributes
                0x000006bc       0x2c c:/program files (x86)/cypress/psoc creator/4.2/psoc creator/import/gnu/arm/5.4.1/bin/../lib/gcc/arm-none-eabi/5.4.1/../../../../arm-none-eabi/lib/armv6-m\libg_nano.a(lib_a-impure.o)
 .ARM.attributes
                0x000006e8       0x2c c:/program files (x86)/cypress/psoc creator/4.2/psoc creator/import/gnu/arm/5.4.1/bin/../lib/gcc/arm-none-eabi/5.4.1/../../../../arm-none-eabi/lib/armv6-m\libg_nano.a(lib_a-init.o)
 .ARM.attributes
                0x00000714       0x2c c:/program files (x86)/cypress/psoc creator/4.2/psoc creator/import/gnu/arm/5.4.1/bin/../lib/gcc/arm-none-eabi/5.4.1/../../../../arm-none-eabi/lib/armv6-m\libg_nano.a(lib_a-memset.o)
 .ARM.attributes
                0x00000740       0x2c c:/program files (x86)/cypress/psoc creator/4.2/psoc creator/import/gnu/arm/5.4.1/bin/../lib/gcc/arm-none-eabi/5.4.1/../../../../arm-none-eabi/lib/armv6-m\libg_nano.a(lib_a-snprintf.o)
 .ARM.attributes
                0x0000076c       0x2c c:/program files (x86)/cypress/psoc creator/4.2/psoc creator/import/gnu/arm/5.4.1/bin/../lib/gcc/arm-none-eabi/5.4.1/../../../../arm-none-eabi/lib/armv6-m\libg_nano.a(lib_a-nano-svfprintf.o)
 .ARM.attributes
                0x00000798       0x2c c:/program files (x86)/cypress/psoc creator/4.2/psoc creator/import/gnu/arm/5.4.1/bin/../lib/gcc/arm-none-eabi/5.4.1/../../../../arm-none-eabi/lib/armv6-m\libg_nano.a(lib_a-nano-vfprintf_i.o)
 .ARM.attributes
                0x000007c4       0x2c c:/program files (x86)/cypress/psoc creator/4.2/psoc creator/import/gnu/arm/5.4.1/bin/../lib/gcc/arm-none-eabi/5.4.1/../../../../arm-none-eabi/lib/armv6-m\libg_nano.a(lib_a-memchr-stub.o)
 .ARM.attributes
                0x000007f0       0x2c c:/program files (x86)/cypress/psoc creator/4.2/psoc creator/import/gnu/arm/5.4.1/bin/../lib/gcc/arm-none-eabi/5.4.1/../../../../arm-none-eabi/lib/armv6-m\libg_nano.a(lib_a-memcpy-stub.o)
 .ARM.attributes
                0x0000081c       0x2c c:/program files (x86)/cypress/psoc creator/4.2/psoc creator/import/gnu/arm/5.4.1/bin/../lib/gcc/arm-none-eabi/5.4.1/../../../../arm-none-eabi/lib/armv6-m\libg_nano.a(lib_a-memmove.o)
 .ARM.attributes
                0x00000848       0x2c c:/program files (x86)/cypress/psoc creator/4.2/psoc creator/import/gnu/arm/5.4.1/bin/../lib/gcc/arm-none-eabi/5.4.1/../../../../arm-none-eabi/lib/armv6-m\libg_nano.a(lib_a-nano-freer.o)
 .ARM.attributes
                0x00000874       0x2c c:/program files (x86)/cypress/psoc creator/4.2/psoc creator/import/gnu/arm/5.4.1/bin/../lib/gcc/arm-none-eabi/5.4.1/../../../../arm-none-eabi/lib/armv6-m\libg_nano.a(lib_a-nano-mallocr.o)
 .ARM.attributes
                0x000008a0       0x2c c:/program files (x86)/cypress/psoc creator/4.2/psoc creator/import/gnu/arm/5.4.1/bin/../lib/gcc/arm-none-eabi/5.4.1/../../../../arm-none-eabi/lib/armv6-m\libg_nano.a(lib_a-nano-reallocr.o)
 .ARM.attributes
                0x000008cc       0x2c c:/program files (x86)/cypress/psoc creator/4.2/psoc creator/import/gnu/arm/5.4.1/bin/../lib/gcc/arm-none-eabi/5.4.1/../../../../arm-none-eabi/lib/armv6-m\libg_nano.a(lib_a-sbrkr.o)
 .ARM.attributes
                0x000008f8       0x2c c:/program files (x86)/cypress/psoc creator/4.2/psoc creator/import/gnu/arm/5.4.1/bin/../lib/gcc/arm-none-eabi/5.4.1/../../../../arm-none-eabi/lib/armv6-m\libg_nano.a(lib_a-mlock.o)
 .ARM.attributes
                0x00000924       0x2c c:/program files (x86)/cypress/psoc creator/4.2/psoc creator/import/gnu/arm/5.4.1/bin/../lib/gcc/arm-none-eabi/5.4.1/../../../../arm-none-eabi/lib/armv6-m\libg_nano.a(lib_a-nano-msizer.o)
 .ARM.attributes
                0x00000950       0x2c c:/program files (x86)/cypress/psoc creator/4.2/psoc creator/import/gnu/arm/5.4.1/bin/../lib/gcc/arm-none-eabi/5.4.1/../../../../arm-none-eabi/lib/armv6-m\libg_nano.a(lib_a-reent.o)
 .ARM.attributes
                0x0000097c       0x2c c:/program files (x86)/cypress/psoc creator/4.2/psoc creator/import/gnu/arm/5.4.1/bin/../lib/gcc/arm-none-eabi/5.4.1/armv6-m/crtend.o
 .ARM.attributes
                0x000009a8       0x1e c:/program files (x86)/cypress/psoc creator/4.2/psoc creator/import/gnu/arm/5.4.1/bin/../lib/gcc/arm-none-eabi/5.4.1/armv6-m/crtn.o

/DISCARD/
 *(.note.GNU-stack)
OUTPUT(C:\Users\amdev\Documents\PSoC Creator\RC Receiver Checker\Design01.cydsn\CortexM0\ARM_GCC_541\Debug\Design01.elf elf32-littlearm)
